// Jest Snapshot v1, https://goo.gl/fbAQLP

exports[`Footer renders all necessary elements 1`] = `
<DocumentFragment>
  <footer>
    <div
      class="bg-light py-2 small text-center shadow-lg"
    >
      ü§ê
      <a
        class="TextLink TextLink-primary"
        href="https://www.iubenda.com/privacy-policy/44138766"
      >
        Privacy Policy
      </a>
    </div>
    <div
      class="container-fluid small bg-dark text-light text-center"
    >
      Made with ‚ù§Ô∏è lots of ‚òïÔ∏è and an awesome ‚å®Ô∏è
    </div>
  </footer>
</DocumentFragment>
`;
