// Jest Snapshot v1, https://goo.gl/fbAQLP

exports[`Header renders all necessary elements 1`] = `
<DocumentFragment>
  <header>
    <nav
      class="bg-confbuddy-green px-sm-4 py-2 px-2 d-flex justify-content-between align-items-center"
    >
      <div
        class="d-flex flex-grow-1 align-items-center"
      >
        <a
          href="/"
          title="Startpage"
        >
          <img
            alt="Conference Buddy logo"
            height="50"
            loading="eager"
            placeholder="none"
            src="../../assets/images/LogoConferenceBuddy.png"
          />
        </a>
        <div
          class="text-white d-block d-sm-none d-flex align-items-center"
        >
          Conference Buddy
        </div>
        <div
          class="text-white d-none d-sm-block fs-3"
        >
          Conference Buddy
        </div>
      </div>
      <button
        class="btn btn-outline-light btn-sm"
      >
        Sign In
      </button>
    </nav>
  </header>
</DocumentFragment>
`;
